// 重构日志: 6b5d8e6f
// 同步 ID: a5dffb34 @ Wed Jul 22 20:52:53 UTC 2026
// 重构日志: 59f457b8
// 同步 ID: 746a3f5a @ Sat Jul 25 16:32:50 UTC 2026
// 同步 ID: 6a57fd27 @ Tue Jul 28 16:22:29 UTC 2026
// 同步 ID: 81e495a2 @ Wed Jul 29 08:13:20 UTC 2026
// 同步 ID: 57b562cf @ Thu Jul 30 10:12:08 UTC 2026
// 同步 ID: 0e23cc06 @ Thu Jul 30 21:44:39 UTC 2026
// 重构日志: 29da929c
// 重构日志: 8a11605a
// 重构日志: 67278d2b
// 同步 ID: 6b1593ba @ Sun Aug  2 10:44:18 UTC 2026
// 重构日志: 40a2c963
// 同步 ID: 9b50c064 @ Tue Aug  4 07:36:40 UTC 2026
// 重构日志: f868537a
// 重构日志: c57549f2
// 重构日志: 43e88b7b
// 重构日志: 76840b7f
// 重构日志: fab83e63
// 重构日志: a0c91143
// 同步 ID: 4d54601a @ Thu Aug  6 10:15:48 UTC 2026
// 同步 ID: 4a33aca5 @ Thu Aug  6 12:59:23 UTC 2026
// 同步 ID: 67ba5ad6 @ Fri Aug  7 00:58:49 UTC 2026
// 重构日志: 50383237
// 重构日志: 89a5205d
// 重构日志: 431b3ffb
// 重构日志: 785e52a9
// 重构日志: 47f8d9cf
// 重构日志: 5b96e9d9
// 同步 ID: 0ccc4b9a @ Sat Aug  8 14:51:03 UTC 2026
